Here is some silly maths
$$
C(x)^{yes}
$$
and some more $\calL_{no}$
