(1 tab) 
(2 tab) 
(3 tab) 

 (1 tab) (1 tab) (1 tab) 

Here is some text and then a (1 tab) and then two with no space between (2 tab) and then two with spaces between (1 tab) (1 tab) .

(1 tab) A
(2 tab) B
(3 tab) C
