This is a line That spanns over multiple lines. 


This is a line That spanns over multiple lines.


This is a totally new paragraph. That has some 
f(x) := x^2 + x
+ 100x +2
 at the end of it.


