hi this is some text.
Here comes a %comment.
%This line is a comment

%this is a comment.


\begin{verbatim}
\begin{center}
%this is a comment.
\end{center}
\end{verbatim}
