This is a line That spanns over multiple lines. 


This is a line That spanns over multiple lines.


This is a totally new paragraph. That has some  $f(x)$
at the end of it. 
