hi this is some text.
Here comes a 


\begin{verbatim}
%this is a comment.
\end{verbatim}
