Here is some text which includes a close brace that should not be matched \} and some bold text that includes an open brace that should not be matched \{
